[34mΓä╣[39m tsdown [2mv0.20.3[22m powered by rolldown [2mv1.0.0-rc.3[22m
[34mΓä╣[39m config file: [4mC:\Users\khali\OneDrive\Desktop\Neer-folder\neer\tsdown.config.ts[24m 
[34mΓä╣[39m entry: [34msrc\index.ts[39m
[34mΓä╣[39m target: [34mnode22.12.0[39m
[34mΓä╣[39m tsconfig: [34mtsconfig.json[39m
[34mΓä╣[39m entry: [34msrc\entry.ts[39m
[34mΓä╣[39m target: [34mnode22.12.0[39m
[34mΓä╣[39m tsconfig: [34mtsconfig.json[39m
[34mΓä╣[39m entry: [34msrc\plugin-sdk\index.ts[39m
[34mΓä╣[39m target: [34mnode22.12.0[39m
[34mΓä╣[39m tsconfig: [34mtsconfig.json[39m
[34mΓä╣[39m entry: [34msrc\infra\warning-filter.ts[39m
[34mΓä╣[39m target: [34mnode22.12.0[39m
[34mΓä╣[39m tsconfig: [34mtsconfig.json[39m
[34mΓä╣[39m entry: [34msrc\extensionAPI.ts[39m
[34mΓä╣[39m target: [34mnode22.12.0[39m
[34mΓä╣[39m tsconfig: [34mtsconfig.json[39m
[34mΓä╣[39m entry: [34msrc\gateway\server.ts[39m
[34mΓä╣[39m target: [34mnode22.12.0[39m
[34mΓä╣[39m tsconfig: [34mtsconfig.json[39m
[34mΓä╣[39m entry: [34msrc\hooks\llm-slug-generator.ts, src\hooks\bundled\boot-md\handler.ts, src\hooks\bundled\session-memory\handler.ts, src\hooks\bundled\command-logger\handler.ts[39m
[34mΓä╣[39m target: [34mnode22.12.0[39m
[34mΓä╣[39m tsconfig: [34mtsconfig.json[39m
[34mΓä╣[39m Build start
[34mΓä╣[39m Cleaning 2 files
[34mΓä╣[39m [2mdist\[22m[1mwarning-filter.js[22m  [2m1.73 kB[22m [2mΓöé gzip: 0.64 kB[22m
[34mΓä╣[39m 1 files, total: 1.73 kB
[32mΓ£ö[39m Build complete in [32m429ms[39m

 ERROR  Error: Build failed with 1 error:

[UNRESOLVED_IMPORT] Error: Could not resolve '../hooks.js' in src/gateway/server-run.ts
   Γò¡ΓöÇ[ src/gateway/server-run.ts:2:30 ]
   Γöé
 2 Γöé import { readJsonBody } from "../hooks.js";
   Γöé                              ΓöÇΓöÇΓöÇΓöÇΓöÇΓöÇΓö¼ΓöÇΓöÇΓöÇΓöÇΓöÇΓöÇ  
   Γöé                                    Γò░ΓöÇΓöÇΓöÇΓöÇΓöÇΓöÇΓöÇΓöÇ Module not found.
   Γöé 
   Γöé Help: 'src/gateway/server-run.ts' is imported by the following path:
   Γöé         - src/gateway/server-run.ts
   Γöé         - src/gateway/server-http.ts
   Γöé         - src/gateway/server-runtime-state.ts
   Γöé         - src/gateway/server.impl.ts
   Γöé         - src/gateway/server.ts
ΓöÇΓöÇΓöÇΓò»

    at aggregateBindingErrorsIntoJsError (file:///C:/Users/khali/OneDrive/Desktop/Neer-folder/neer/node_modules/.pnpm/rolldown@1.0.0-rc.3/node_modules/rolldown/dist/shared/bindingify-input-options-CorDub0q.mjs:628:18)
    at unwrapBindingResult (file:///C:/Users/khali/OneDrive/Desktop/Neer-folder/neer/node_modules/.pnpm/rolldown@1.0.0-rc.3/node_modules/rolldown/dist/shared/bindingify-input-options-CorDub0q.mjs:598:128)
    at #build (file:///C:/Users/khali/OneDrive/Desktop/Neer-folder/neer/node_modules/.pnpm/rolldown@1.0.0-rc.3/node_modules/rolldown/dist/shared/rolldown-build-CGNuOAoF.mjs:3345:34)
    at async build (file:///C:/Users/khali/OneDrive/Desktop/Neer-folder/neer/node_modules/.pnpm/rolldown@1.0.0-rc.3/node_modules/rolldown/dist/index.mjs:47:22)
    at async Promise.all (index 0)
    at async buildSingle (file:///C:/Users/khali/OneDrive/Desktop/Neer-folder/neer/node_modules/.pnpm/tsdown@0.20.3_@typescript+n_3fbf2708d84e69bfeed1819434769c68/node_modules/tsdown/dist/build-C5RQkVSf.mjs:852:19)
    at async Promise.all (index 6)
    at async buildWithConfigs (file:///C:/Users/khali/OneDrive/Desktop/Neer-folder/neer/node_modules/.pnpm/tsdown@0.20.3_@typescript+n_3fbf2708d84e69bfeed1819434769c68/node_modules/tsdown/dist/build-C5RQkVSf.mjs:813:18)
    at async CAC.<anonymous> (file:///C:/Users/khali/OneDrive/Desktop/Neer-folder/neer/node_modules/.pnpm/tsdown@0.20.3_@typescript+n_3fbf2708d84e69bfeed1819434769c68/node_modules/tsdown/dist/run.mjs:23:2)
    at async runCLI (file:///C:/Users/khali/OneDrive/Desktop/Neer-folder/neer/node_modules/.pnpm/tsdown@0.20.3_@typescript+n_3fbf2708d84e69bfeed1819434769c68/node_modules/tsdown/dist/run.mjs:47:3)

